// Jest Snapshot v1, https://jestjs.io/docs/snapshot-testing

exports[`Footer should render correctly 1`] = `
<DocumentFragment>
  <footer
    class="footer"
    data-testid="footer"
  >
    <ul
      class="social"
    >
      <li
        class="social_x"
      >
        <a
          data-testid="social-x"
          href="https://x.com/saucelabs"
          rel="noreferrer"
          target="_blank"
        >
          X
        </a>
      </li>
      <li
        class="social_facebook"
      >
        <a
          data-testid="social-facebook"
          href="https://www.facebook.com/saucelabs"
          rel="noreferrer"
          target="_blank"
        >
          Facebook
        </a>
      </li>
      <li
        class="social_linkedin"
      >
        <a
          data-testid="social-linkedin"
          href="https://www.linkedin.com/company/sauce-labs/"
          rel="noreferrer"
          target="_blank"
        >
          LinkedIn
        </a>
      </li>
    </ul>
    <div
      class="footer_copy"
      data-testid="footer-copy"
    >
      © 1234 Sauce Labs. All Rights Reserved. Terms of Service | Privacy Policy
    </div>
  </footer>
</DocumentFragment>
`;
